2026-09-03 09:58:41 [INFO   ] config.logging_config: 日志系统初始化完成
2026-09-03 09:58:41 [INFO   ] __main__: 数据库初始化完成
2026-09-03 09:58:50 [INFO   ] __main__: 应用程序已启动
2026-09-03 09:58:50 [INFO   ] GUI: __main__: 应用程序已启动
2026-09-03 10:01:33 [INFO   ] config.logging_config: 日志系统初始化完成
2026-09-03 10:01:33 [INFO   ] __main__: 数据库初始化完成
2026-09-03 10:01:34 [INFO   ] __main__: 应用程序已启动
2026-09-03 10:01:34 [INFO   ] GUI: __main__: 应用程序已启动
2026-09-03 11:12:31 [INFO   ] config.logging_config: 日志系统初始化完成
2026-09-03 11:12:31 [INFO   ] __main__: 数据库初始化完成
2026-09-03 11:12:32 [INFO   ] __main__: 应用程序已启动
2026-09-03 11:12:32 [INFO   ] GUI: __main__: 应用程序已启动
2026-09-03 11:12:51 [INFO   ] GUI: 切换到仿真模式
2026-09-03 11:13:32 [INFO   ] GUI: 树脂规格要求已更新
2026-09-03 11:13:37 [INFO   ] GUI: 测量任务 #27 已创建: 批号=2205135445, 树脂规格要求=RWD, 高度上限=0.8 mm, 宽度上限=1.0
2026-09-03 11:13:37 [DEBUG  ] controllers.measurement_controller: 状态变更: IDLE -> READY
2026-09-03 11:13:37 [DEBUG  ] controllers.measurement_controller: 状态变更: READY -> RUNNING
2026-09-03 11:13:37 [INFO   ] GUI: 开始测量 (仿真模式)
2026-09-03 11:13:37 [INFO   ] GUI: 仿真: 正在连接设备...
2026-09-03 11:13:38 [INFO   ] GUI: 设备已连接
2026-09-03 11:13:38 [INFO   ] GUI: 仿真: 正在启动测量...
2026-09-03 11:13:38 [INFO   ] GUI: 仿真: 正在采集数据...
2026-09-03 11:14:05 [INFO   ] GUI: 正在停止测量...
2026-09-03 11:14:05 [INFO   ] GUI: 仿真: 采集完成，共 55 个点位。
2026-09-03 11:14:06 [INFO   ] GUI: 设备已断开
2026-09-03 11:14:06 [DEBUG  ] controllers.measurement_controller: 状态变更: RUNNING -> COMPLETING
2026-09-03 11:14:06 [INFO   ] GUI: 测量完成: 共 55 个点位, 高度最大值=1.552103, 宽度最大值=3.536148, 判定=NG
2026-09-03 11:14:06 [DEBUG  ] controllers.measurement_controller: 状态变更: COMPLETING -> IDLE
2026-09-03 11:14:06 [INFO   ] utils.datasheet_writer: 测量数据已保存到: d:\Project\ResinMonitor\MeasureWare\datasheets\2026\09\2205135445.csv
2026-09-03 11:14:06 [INFO   ] GUI: utils.datasheet_writer: 测量数据已保存到: d:\Project\ResinMonitor\MeasureWare\datasheets\2026\09\2205135445.csv
2026-09-03 11:14:06 [INFO   ] GUI: 测量数据已自动保存到: d:\Project\ResinMonitor\MeasureWare\datasheets\2026\09\2205135445.csv
